// Jest Snapshot v1, https://goo.gl/fbAQLP

exports[`Test Article component should render correctly without video 1`] = `
<div>
  <h1>
    active
  </h1>
  <img
    alt="active"
    src="https://i.dailymail.co.uk/1s/2020/06/17/16/29719992-0-image-a-23_1592408042536.jpg"
  />
  <p>
    desc
  </p>
</div>
`;
