// Jest Snapshot v1, https://goo.gl/fbAQLP

exports[`Test TopNews component should render correctly 1`] = `
<div>
  <h1
    class="Sharedstyle__MainHeaderStyle-sc-1a3bnp9-0 chhIjm"
  >
    topNews.header
     
    countries.gb
  </h1>
  <div
    class="Sharedstyle__NewsWrapperStyle-sc-1a3bnp9-1 jTferJ"
  >
    <div
      class="Thumbnailstyle__ThumbnailWrapperStyle-sc-123obdz-0 lhHvSI"
    >
      <h2
        class="Thumbnailstyle__ThumbnailTitleStyle-sc-123obdz-3 dSnuxn"
      >
        article
      </h2>
      <div
        class="Thumbnailstyle__ThumbnailImgStyle-sc-123obdz-1 eTaMhC"
      />
      <div
        class="Thumbnailstyle__ThumbnailDescStyle-sc-123obdz-2 dPDhAr"
      >
        <div>
          desc
        </div>
        <span
          class="Thumbnailstyle__ThumbnailLinkStyle-sc-123obdz-4 VvDHO"
        >
          <a
            data-testid="more-link"
            href="/country/gb/articles/article"
          >
            thumbnail.readMore
             &gt;
          </a>
        </span>
      </div>
    </div>
  </div>
</div>
`;
