// Jest Snapshot v1, https://goo.gl/fbAQLP

exports[`Test App component should render correctly 1`] = `
<div>
  <div
    class="Menustyle__MenuWrapperStyle-sc-1neq1ee-0 kTCkyP"
  >
    <div
      class="Menustyle__MenuItemsWrapperStyle-sc-1neq1ee-1 eEekmm"
    >
      <div
        class="Menustyle__MenuItemStyle-sc-1neq1ee-2 cVYhuA"
      >
        <a
          aria-current="page"
          class="Menustyle__LinkStyle-sc-1neq1ee-3 ccUwVd active"
          href="/country/gb/"
        >
          Top news
        </a>
      </div>
      <div
        class="Menustyle__MenuItemStyle-sc-1neq1ee-2 iJVOUw"
      >
        <a
          class="Menustyle__LinkStyle-sc-1neq1ee-3 ccUwVd"
          href="/country/gb/categories"
        >
          Categories
        </a>
      </div>
      <div
        class="Menustyle__MenuItemStyle-sc-1neq1ee-2 iJVOUw"
      >
        <a
          class="Menustyle__LinkStyle-sc-1neq1ee-3 ccUwVd"
          href="/country/gb/search"
        >
          Search
        </a>
      </div>
    </div>
    <div
      class="Menustyle__MenuCountriesWrapperStyle-sc-1neq1ee-4 hvGaFl"
    >
      <div
        class="Menustyle__MenuItemStyle-sc-1neq1ee-2 cVYhuA"
      >
        <a
          active="active"
          aria-current="page"
          class="Menustyle__LinkStyle-sc-1neq1ee-3 ccUwVd active"
          data-testid="country-link"
          href="/country/gb/"
        >
          GB 
        </a>
      </div>
    </div>
  </div>
  <div
    class="Layoutstyle__LayoutStyle-fqkpn0-0 dWQSdv"
  >
    <div>
      <h1
        class="Sharedstyle__MainHeaderStyle-sc-1a3bnp9-0 chhIjm"
      >
        Top news from 
        Gb
      </h1>
      <div
        class="Sharedstyle__NewsWrapperStyle-sc-1a3bnp9-1 jTferJ"
      >
        <div
          class="Thumbnailstyle__ThumbnailWrapperStyle-sc-123obdz-0 lhHvSI"
        >
          <h2
            class="Thumbnailstyle__ThumbnailTitleStyle-sc-123obdz-3 dSnuxn"
          >
            article
          </h2>
          <div
            class="Thumbnailstyle__ThumbnailImgStyle-sc-123obdz-1 eTaMhC"
          />
          <div
            class="Thumbnailstyle__ThumbnailDescStyle-sc-123obdz-2 dPDhAr"
          >
            <div>
              desc
            </div>
            <span
              class="Thumbnailstyle__ThumbnailLinkStyle-sc-123obdz-4 VvDHO"
            >
              <a
                data-testid="more-link"
                href="/country/gb/articles/article"
              >
                More &gt;
              </a>
            </span>
          </div>
        </div>
      </div>
    </div>
  </div>
</div>
`;
